=== CUDA NPP batch edge detection ===
started 2026-07-24 21:31:49
device 0: NVIDIA A100-SXM4-40GB (sm_80, 108 SMs, 40441 MiB global memory)
CUDA runtime 12.8, driver 13.0, NPP 12.3.3
input=data/input output=results/samples_fixed engine=gpu streams=4 gauss=5x5 sobel_scale=0.25 threshold=40 dilate=off save_stages=off device=0 limit=8
found 8 image(s) in data/input

image                              size      ch  thr  edge%   up(ms)  gpu(ms)  down(ms)
--------------------------------------------------------------------------------------
misc_4_1_01                       256x256   3   40      1.81    0.032   21.454     0.015
misc_4_1_02                       256x256   3   40      1.42    0.033   21.486     0.020
misc_4_1_03                       256x256   3   40      2.06    0.062   21.608     0.016
misc_4_1_04                       256x256   3   40      5.35    0.053   22.346     0.016
misc_4_1_05                       256x256   3   40      5.39    0.029    0.037     0.013
misc_4_1_06                       256x256   3   40     13.75    0.030    0.038     0.012
misc_4_1_07                       256x256   3   40      3.18    0.030    0.038     0.019
misc_4_1_08                       256x256   3   40      6.07    0.030    0.038     0.015

=== summary ===
images processed : 8 of 8 (0 failed)
pixels processed : 0.52 megapixels
wall clock       : 0.033 s using 4 stream(s)
throughput       : 244.33 images/s, 16.01 megapixels/s
gpu time (sum)   : upload 0.3 ms, compute 87.0 ms, download 0.1 ms
gpu time (mean)  : 10.881 ms of kernel time per image
outputs written to results/samples_fixed
finished 2026-07-24 21:31:49
