--- streams=1
=== CUDA NPP batch edge detection ===
started 2026-07-24 21:31:51
device 0: NVIDIA A100-SXM4-40GB (sm_80, 108 SMs, 40441 MiB global memory)
CUDA runtime 12.8, driver 13.0, NPP 12.3.3
input=data/input output=data/output engine=gpu streams=1 gauss=5x5 sobel_scale=0.25 threshold=auto(otsu) dilate=off save_stages=off device=0
found 103 image(s) in data/input

image                              size      ch  thr  edge%   up(ms)  gpu(ms)  down(ms)
--------------------------------------------------------------------------------------
misc_4_1_01                       256x256   3   18     10.06    0.033   39.194     0.012
misc_4_1_02                       256x256   3   15     13.85    0.031    0.072     0.016
misc_4_1_03                       256x256   3   18      8.54    0.029    0.062     0.015
misc_4_1_04                       256x256   3   22     13.99    0.028    0.054     0.018
misc_4_1_05                       256x256   3   21     14.24    0.028    0.053     0.015
misc_4_1_06                       256x256   3   26     24.11    0.028    0.053     0.017
misc_4_1_07                       256x256   3   17     11.68    0.028    0.053     0.016
misc_4_1_08                       256x256   3   20     16.11    0.028    0.052     0.017
misc_4_2_01                       512x512   3   23      5.58    0.076    0.121     0.031
misc_4_2_03                       512x512   3   17     25.25    0.077    0.061     0.030
misc_4_2_05                       512x512   3   22     13.77    0.077    0.062     0.030
misc_4_2_06                       512x512   3   23     17.34    0.077    0.060     0.028
misc_4_2_07                       512x512   3   22     10.53    0.076    0.058     0.029
misc_5_1_09                       256x256   1   13     10.65    0.017    0.056     0.014
misc_5_1_10                       256x256   1   26     30.53    0.017    0.056     0.014
misc_5_1_11                       256x256   1   21      7.19    0.017    0.052     0.014
misc_5_1_12                       256x256   1   24     12.44    0.017    0.054     0.016
misc_5_1_13                       256x256   1   51     18.71    0.017    0.052     0.014
misc_5_1_14                       256x256   1   20     23.67    0.017    0.053     0.016
misc_5_2_08                       512x512   1   22      9.78    0.033    0.056     0.028
misc_5_2_09                       512x512   1   24     19.97    0.033    0.058     0.029
misc_5_2_10                       512x512   1   22     16.81    0.033    0.061     0.031
misc_5_3_01                       1024x1024 1   20     11.24    0.100    0.086     0.092
misc_5_3_02                       1024x1024 1   19     14.80    0.100    0.083     0.091
misc_7_1_01                       512x512   1   10     24.13    0.034    0.062     0.029
misc_7_1_02                       512x512   1   20      3.37    0.034    0.058     0.029
misc_7_1_03                       512x512   1   11     11.70    0.033    0.059     0.031
misc_7_1_04                       512x512   1   11     15.77    0.034    0.056     0.028
misc_7_1_05                       512x512   1   14     21.61    0.033    0.058     0.030
misc_7_1_06                       512x512   1   13     25.04    0.033    0.056     0.028
misc_7_1_07                       512x512   1   11     24.83    0.034    0.056     0.029
misc_7_1_08                       512x512   1   10      8.90    0.033    0.058     0.027
misc_7_1_09                       512x512   1   11     21.77    0.035    0.055     0.030
misc_7_1_10                       512x512   1   9      26.46    0.034    0.058     0.028
misc_7_2_01                       1024x1024 1   7       8.15    0.098    0.088     0.092
misc_boat_512                     512x512   1   20     14.27    0.034    0.059     0.030
misc_gray21_512                   512x512   1   27      1.00    0.033    0.058     0.030
misc_house                        512x512   3   21     16.74    0.077    0.061     0.030
misc_ruler_512                    512x512   1   25     52.68    0.034    0.056     0.028
textures_1_1_01                   512x512   1   32     37.91    0.033    0.058     0.028
textures_1_1_02                   512x512   1   29     27.46    0.035    0.055     0.029
textures_1_1_03                   512x512   1   24     30.06    0.034    0.060     0.030
textures_1_1_04                   512x512   1   20     41.89    0.034    0.059     0.030
textures_1_1_05                   512x512   1   14     32.39    0.033    0.061     0.030
textures_1_1_06                   512x512   1   24     38.25    0.033    0.064     0.031
textures_1_1_07                   512x512   1   19     26.68    0.034    0.059     0.029
textures_1_1_08                   512x512   1   42      0.60    0.033    0.058     0.030
textures_1_1_09                   512x512   1   17     26.64    0.033    0.055     0.029
textures_1_1_10                   512x512   1   20     37.37    0.033    0.059     0.028
textures_1_1_11                   512x512   1   15     26.61    0.033    0.059     0.030
textures_1_1_12                   512x512   1   24     15.98    0.033    0.057     0.029
textures_1_1_13                   512x512   1   22     30.48    0.033    0.058     0.029
textures_1_2_01                   512x512   1   44     40.10    0.033    0.058     0.030
textures_1_2_02                   512x512   1   43     34.39    0.033    0.058     0.031
textures_1_2_03                   512x512   1   44     35.37    0.033    0.058     0.030
textures_1_2_04                   512x512   1   50     49.48    0.034    0.061     0.030
textures_1_2_05                   512x512   1   38     38.60    0.035    0.056     0.031
textures_1_2_06                   512x512   1   47     37.53    0.036    0.056     0.030
textures_1_2_07                   512x512   1   46     40.87    0.035    0.056     0.031
textures_1_2_08                   512x512   1   45     34.44    0.035    0.056     0.029
textures_1_2_09                   512x512   1   44     32.16    0.034    0.060     0.029
textures_1_2_10                   512x512   1   48     44.57    0.036    0.054     0.029
textures_1_2_11                   512x512   1   42     41.06    0.035    0.058     0.030
textures_1_2_12                   512x512   1   50     16.28    0.036    0.059     0.031
textures_1_2_13                   512x512   1   40     33.61    0.034    0.055     0.030
textures_1_3_01                   1024x1024 1   26     38.12    0.100    0.082     0.093
textures_1_3_02                   1024x1024 1   21     27.89    0.102    0.096     0.092
textures_1_3_03                   1024x1024 1   21     34.01    0.103    0.083     0.091
textures_1_3_04                   1024x1024 1   20     31.73    0.101    0.081     0.093
textures_1_3_05                   1024x1024 1   30     35.24    0.101    0.082     0.091
textures_1_3_06                   1024x1024 1   21     37.24    0.101    0.083     0.092
textures_1_3_07                   1024x1024 1   16     25.78    0.102    0.083     0.093
textures_1_3_08                   1024x1024 1   6      26.98    0.103    0.083     0.093
textures_1_3_09                   1024x1024 1   16     18.68    0.123    0.084     0.093
textures_1_3_10                   1024x1024 1   11     30.53    0.101    0.086     0.093
textures_1_3_11                   1024x1024 1   12     31.89    0.100    0.088     0.091
textures_1_3_12                   1024x1024 1   16     15.87    0.099    0.083     0.093
textures_1_3_13                   1024x1024 1   16     25.76    0.100    0.086     0.093
textures_1_4_01                   1024x1024 1   14     28.83    0.100    0.082     0.093
textures_1_4_02                   1024x1024 1   22     27.87    0.101    0.081     0.093
textures_1_4_03                   1024x1024 1   20     12.87    0.100    0.086     0.094
textures_1_4_04                   1024x1024 1   6      26.77    0.099    0.084     0.093
textures_1_4_05                   1024x1024 1   17     15.59    0.101    0.107     0.089
textures_1_4_06                   1024x1024 1   10     25.44    0.105    0.102     0.089
textures_1_4_07                   1024x1024 1   10     22.62    0.105    0.105     0.091
textures_1_4_08                   1024x1024 1   9      40.00    0.107    0.108     0.089
textures_1_4_09                   1024x1024 1   23     21.88    0.107    0.101     0.089
textures_1_4_10                   1024x1024 1   16     32.26    0.110    0.103     0.090
textures_1_4_11                   1024x1024 1   20     28.77    0.105    0.104     0.090
textures_1_4_12                   1024x1024 1   17     35.56    0.105    0.103     0.088
textures_1_5_01                   512x512   1   11     22.17    0.040    0.072     0.028
textures_1_5_02                   512x512   1   67     54.47    0.035    0.079     0.028
textures_1_5_03                   512x512   1   20     22.98    0.035    0.068     0.028
textures_1_5_04                   512x512   1   17     28.38    0.034    0.070     0.035
textures_1_5_05                   512x512   1   20     19.24    0.034    0.076     0.028
textures_1_5_06                   512x512   1   5      22.14    0.034    0.071     0.030
textures_1_5_07                   512x512   1   16     32.41    0.035    0.072     0.028
textures_texmos1_p512             512x512   1   45     39.31    0.036    0.068     0.028
textures_texmos2_p512             512x512   1   45     38.95    0.034    0.073     0.028
textures_texmos2_s512             512x512   1   29      7.26    0.035    0.073     0.027
textures_texmos3_p512             512x512   1   45     38.02    0.034    0.068     0.028
textures_texmos3_s512             512x512   1   26      3.41    0.035    0.067     0.028
textures_texmos3b_p512            512x512   1   45     37.80    0.035    0.072     0.028

=== summary ===
images processed : 103 of 103 (0 failed)
pixels processed : 46.27 megapixels
wall clock       : 2.368 s using 1 stream(s)
throughput       : 43.50 images/s, 19.54 megapixels/s
gpu time (sum)   : upload 5.5 ms, compute 46.2 ms, download 4.6 ms
gpu time (mean)  : 0.449 ms of kernel time per image
outputs written to data/output
finished 2026-07-24 21:31:54
--- streams=2
=== CUDA NPP batch edge detection ===
started 2026-07-24 21:31:54
device 0: NVIDIA A100-SXM4-40GB (sm_80, 108 SMs, 40441 MiB global memory)
CUDA runtime 12.8, driver 13.0, NPP 12.3.3
input=data/input output=data/output engine=gpu streams=2 gauss=5x5 sobel_scale=0.25 threshold=auto(otsu) dilate=off save_stages=off device=0
found 103 image(s) in data/input

image                              size      ch  thr  edge%   up(ms)  gpu(ms)  down(ms)
--------------------------------------------------------------------------------------
misc_4_1_01                       256x256   3   18     10.06    0.040   30.130     0.012
misc_4_1_02                       256x256   3   15     13.85    0.035   30.182     0.016
misc_4_1_03                       256x256   3   18      8.54    0.030    0.060     0.017
misc_4_1_04                       256x256   3   22     13.99    0.030    0.060     0.018
misc_4_1_05                       256x256   3   21     14.24    0.029    0.056     0.017
misc_4_1_06                       256x256   3   26     24.11    0.029    0.062     0.017
misc_4_1_07                       256x256   3   17     11.68    0.028    0.050     0.015
misc_4_1_08                       256x256   3   20     16.11    0.029    0.051     0.017
misc_4_2_01                       512x512   3   23      5.58    0.082    0.102     0.029
misc_4_2_03                       512x512   3   17     25.25    0.101    0.340     0.030
misc_4_2_05                       512x512   3   22     13.77    0.078    0.059     0.031
misc_4_2_06                       512x512   3   23     17.34    0.078    0.063     0.030
misc_4_2_07                       512x512   3   22     10.53    0.077    0.057     0.028
misc_5_1_09                       256x256   1   13     10.65    0.017    0.059     0.015
misc_5_1_10                       256x256   1   26     30.53    0.017    0.057     0.015
misc_5_1_11                       256x256   1   21      7.19    0.017    0.053     0.015
misc_5_1_12                       256x256   1   24     12.44    0.017    0.068     0.016
misc_5_1_13                       256x256   1   51     18.71    0.018    0.058     0.018
misc_5_1_14                       256x256   1   20     23.67    0.016    0.053     0.015
misc_5_2_08                       512x512   1   22      9.78    0.033    0.058     0.029
misc_5_2_09                       512x512   1   24     19.97    0.034    0.058     0.030
misc_5_2_10                       512x512   1   22     16.81    0.034    0.057     0.027
misc_5_3_01                       1024x1024 1   20     11.24    0.099    0.088     0.093
misc_5_3_02                       1024x1024 1   19     14.80    0.099    0.088     0.092
misc_7_1_01                       512x512   1   10     24.13    0.035    0.054     0.029
misc_7_1_02                       512x512   1   20      3.37    0.041    0.062     0.029
misc_7_1_03                       512x512   1   11     11.70    0.034    0.062     0.029
misc_7_1_04                       512x512   1   11     15.77    0.033    0.057     0.030
misc_7_1_05                       512x512   1   14     21.61    0.039    0.055     0.031
misc_7_1_06                       512x512   1   13     25.04    0.034    0.061     0.030
misc_7_1_07                       512x512   1   11     24.83    0.038    0.054     0.030
misc_7_1_08                       512x512   1   10      8.90    0.035    0.055     0.029
misc_7_1_09                       512x512   1   11     21.77    0.034    0.062     0.029
misc_7_1_10                       512x512   1   9      26.46    0.034    0.062     0.029
misc_7_2_01                       1024x1024 1   7       8.15    0.099    0.081     0.091
misc_boat_512                     512x512   1   20     14.27    0.033    0.060     0.031
misc_gray21_512                   512x512   1   27      1.00    0.034    0.060     0.031
misc_house                        512x512   3   21     16.74    0.078    0.063     0.029
misc_ruler_512                    512x512   1   25     52.68    0.034    0.053     0.029
textures_1_1_01                   512x512   1   32     37.91    0.034    0.059     0.028
textures_1_1_02                   512x512   1   29     27.46    0.034    0.061     0.030
textures_1_1_03                   512x512   1   24     30.06    0.033    0.059     0.030
textures_1_1_04                   512x512   1   20     41.89    0.033    0.051     0.030
textures_1_1_05                   512x512   1   14     32.39    0.035    0.054     0.031
textures_1_1_06                   512x512   1   24     38.25    0.034    0.060     0.031
textures_1_1_07                   512x512   1   19     26.68    0.034    0.058     0.029
textures_1_1_08                   512x512   1   42      0.60    0.034    0.059     0.029
textures_1_1_09                   512x512   1   17     26.64    0.034    0.057     0.030
textures_1_1_10                   512x512   1   20     37.37    0.034    0.059     0.030
textures_1_1_11                   512x512   1   15     26.61    0.034    0.057     0.028
textures_1_1_12                   512x512   1   24     15.98    0.034    0.059     0.031
textures_1_1_13                   512x512   1   22     30.48    0.034    0.061     0.031
textures_1_2_01                   512x512   1   44     40.10    0.034    0.058     0.028
textures_1_2_02                   512x512   1   43     34.39    0.034    0.053     0.030
textures_1_2_03                   512x512   1   44     35.37    0.034    0.061     0.028
textures_1_2_04                   512x512   1   50     49.48    0.034    0.053     0.031
textures_1_2_05                   512x512   1   38     38.60    0.041    0.053     0.029
textures_1_2_06                   512x512   1   47     37.53    0.034    0.062     0.030
textures_1_2_07                   512x512   1   46     40.87    0.035    0.056     0.030
textures_1_2_08                   512x512   1   45     34.44    0.034    0.059     0.031
textures_1_2_09                   512x512   1   44     32.16    0.034    0.059     0.030
textures_1_2_10                   512x512   1   48     44.57    0.034    0.057     0.030
textures_1_2_11                   512x512   1   42     41.06    0.034    0.060     0.030
textures_1_2_12                   512x512   1   50     16.28    0.034    0.058     0.030
textures_1_2_13                   512x512   1   40     33.61    0.034    0.058     0.029
textures_1_3_01                   1024x1024 1   26     38.12    0.099    0.080     0.090
textures_1_3_02                   1024x1024 1   21     27.89    0.098    0.079     0.091
textures_1_3_03                   1024x1024 1   21     34.01    0.099    0.081     0.091
textures_1_3_04                   1024x1024 1   20     31.73    0.099    0.089     0.093
textures_1_3_05                   1024x1024 1   30     35.24    0.099    0.080     0.092
textures_1_3_06                   1024x1024 1   21     37.24    0.100    0.080     0.086
textures_1_3_07                   1024x1024 1   16     25.78    0.099    0.080     0.091
textures_1_3_08                   1024x1024 1   6      26.98    0.099    0.090     0.093
textures_1_3_09                   1024x1024 1   16     18.68    0.098    0.082     0.085
textures_1_3_10                   1024x1024 1   11     30.53    0.099    0.083     0.093
textures_1_3_11                   1024x1024 1   12     31.89    0.099    0.086     0.093
textures_1_3_12                   1024x1024 1   16     15.87    0.099    0.082     0.093
textures_1_3_13                   1024x1024 1   16     25.76    0.099    0.082     0.093
textures_1_4_01                   1024x1024 1   14     28.83    0.100    0.081     0.091
textures_1_4_02                   1024x1024 1   22     27.87    0.099    0.088     0.093
textures_1_4_03                   1024x1024 1   20     12.87    0.099    0.080     0.091
textures_1_4_04                   1024x1024 1   6      26.77    0.098    0.088     0.090
textures_1_4_05                   1024x1024 1   17     15.59    0.099    0.081     0.093
textures_1_4_06                   1024x1024 1   10     25.44    0.099    0.080     0.092
textures_1_4_07                   1024x1024 1   10     22.62    0.099    0.087     0.092
textures_1_4_08                   1024x1024 1   9      40.00    0.099    0.090     0.093
textures_1_4_09                   1024x1024 1   23     21.88    0.100    0.089     0.092
textures_1_4_10                   1024x1024 1   16     32.26    0.098    0.080     0.091
textures_1_4_11                   1024x1024 1   20     28.77    0.099    0.089     0.092
textures_1_4_12                   1024x1024 1   17     35.56    0.099    0.081     0.086
textures_1_5_01                   512x512   1   11     22.17    0.036    0.070     0.027
textures_1_5_02                   512x512   1   67     54.47    0.035    0.055     0.030
textures_1_5_03                   512x512   1   20     22.98    0.034    0.060     0.028
textures_1_5_04                   512x512   1   17     28.38    0.040    0.059     0.029
textures_1_5_05                   512x512   1   20     19.24    0.034    0.060     0.030
textures_1_5_06                   512x512   1   5      22.14    0.035    0.060     0.032
textures_1_5_07                   512x512   1   16     32.41    0.034    0.055     0.031
textures_texmos1_p512             512x512   1   45     39.31    0.034    0.061     0.029
textures_texmos2_p512             512x512   1   45     38.95    0.034    0.065     0.030
textures_texmos2_s512             512x512   1   29      7.26    0.035    0.063     0.030
textures_texmos3_p512             512x512   1   45     38.02    0.034    0.061     0.029
textures_texmos3_s512             512x512   1   26      3.41    0.033    0.057     0.030
textures_texmos3b_p512            512x512   1   45     37.80    0.035    0.066     0.031

=== summary ===
images processed : 103 of 103 (0 failed)
pixels processed : 46.27 megapixels
wall clock       : 1.206 s using 2 stream(s)
throughput       : 85.40 images/s, 38.36 megapixels/s
gpu time (sum)   : upload 5.5 ms, compute 67.3 ms, download 4.6 ms
gpu time (mean)  : 0.653 ms of kernel time per image
outputs written to data/output
finished 2026-07-24 21:31:55
--- streams=4
=== CUDA NPP batch edge detection ===
started 2026-07-24 21:31:56
device 0: NVIDIA A100-SXM4-40GB (sm_80, 108 SMs, 40441 MiB global memory)
CUDA runtime 12.8, driver 13.0, NPP 12.3.3
input=data/input output=data/output engine=gpu streams=4 gauss=5x5 sobel_scale=0.25 threshold=auto(otsu) dilate=off save_stages=off device=0
found 103 image(s) in data/input

image                              size      ch  thr  edge%   up(ms)  gpu(ms)  down(ms)
--------------------------------------------------------------------------------------
misc_4_1_01                       256x256   3   18     10.06    0.027   29.895     0.017
misc_4_1_02                       256x256   3   15     13.85    0.044   29.929     0.020
misc_4_1_03                       256x256   3   18      8.54    0.047   30.231     0.017
misc_4_1_04                       256x256   3   22     13.99    0.052   30.028     0.016
misc_4_1_05                       256x256   3   21     14.24    0.029    0.060     0.016
misc_4_1_06                       256x256   3   26     24.11    0.029    0.071     0.018
misc_4_1_07                       256x256   3   17     11.68    0.030    0.057     0.017
misc_4_1_08                       256x256   3   20     16.11    0.050    0.062     0.015
misc_4_2_01                       512x512   3   23      5.58    0.119    0.491     0.029
misc_4_2_03                       512x512   3   17     25.25    0.165    1.500     0.081
misc_4_2_05                       512x512   3   22     13.77    0.078    0.199     0.029
misc_4_2_06                       512x512   3   23     17.34    0.129    0.607     0.029
misc_4_2_07                       512x512   3   22     10.53    0.079    0.058     0.031
misc_5_1_09                       256x256   1   13     10.65    0.018    0.070     0.017
misc_5_1_10                       256x256   1   26     30.53    0.018    0.059     0.016
misc_5_1_11                       256x256   1   21      7.19    0.018    0.060     0.017
misc_5_1_12                       256x256   1   24     12.44    0.016    0.055     0.017
misc_5_1_13                       256x256   1   51     18.71    0.018    0.054     0.016
misc_5_1_14                       256x256   1   20     23.67    0.018    0.058     0.017
misc_5_2_08                       512x512   1   22      9.78    0.034    0.057     0.029
misc_5_2_09                       512x512   1   24     19.97    0.034    0.058     0.029
misc_5_2_10                       512x512   1   22     16.81    0.034    0.058     0.030
misc_5_3_01                       1024x1024 1   20     11.24    0.099    0.089     0.095
misc_5_3_02                       1024x1024 1   19     14.80    0.100    0.085     0.090
misc_7_1_01                       512x512   1   10     24.13    0.033    0.058     0.029
misc_7_1_02                       512x512   1   20      3.37    0.034    0.059     0.028
misc_7_1_03                       512x512   1   11     11.70    0.036    0.060     0.030
misc_7_1_04                       512x512   1   11     15.77    0.035    0.061     0.028
misc_7_1_05                       512x512   1   14     21.61    0.034    0.059     0.030
misc_7_1_06                       512x512   1   13     25.04    0.037    0.058     0.030
misc_7_1_07                       512x512   1   11     24.83    0.034    0.059     0.029
misc_7_1_08                       512x512   1   10      8.90    0.035    0.062     0.029
misc_7_1_09                       512x512   1   11     21.77    0.035    0.065     0.030
misc_7_1_10                       512x512   1   9      26.46    0.034    0.053     0.028
misc_7_2_01                       1024x1024 1   7       8.15    0.099    0.082     0.093
misc_boat_512                     512x512   1   20     14.27    0.034    0.059     0.030
misc_gray21_512                   512x512   1   27      1.00    0.034    0.056     0.028
misc_house                        512x512   3   21     16.74    0.077    0.072     0.030
misc_ruler_512                    512x512   1   25     52.68    0.035    0.055     0.029
textures_1_1_01                   512x512   1   32     37.91    0.034    0.057     0.031
textures_1_1_02                   512x512   1   29     27.46    0.035    0.067     0.030
textures_1_1_03                   512x512   1   24     30.06    0.034    0.058     0.030
textures_1_1_04                   512x512   1   20     41.89    0.033    0.060     0.029
textures_1_1_05                   512x512   1   14     32.39    0.034    0.055     0.029
textures_1_1_06                   512x512   1   24     38.25    0.035    0.057     0.030
textures_1_1_07                   512x512   1   19     26.68    0.034    0.057     0.030
textures_1_1_08                   512x512   1   42      0.60    0.034    0.066     0.029
textures_1_1_09                   512x512   1   17     26.64    0.034    0.060     0.030
textures_1_1_10                   512x512   1   20     37.37    0.034    0.058     0.030
textures_1_1_11                   512x512   1   15     26.61    0.034    0.066     0.026
textures_1_1_12                   512x512   1   24     15.98    0.034    0.058     0.030
textures_1_1_13                   512x512   1   22     30.48    0.034    0.059     0.030
textures_1_2_01                   512x512   1   44     40.10    0.034    0.055     0.028
textures_1_2_02                   512x512   1   43     34.39    0.034    0.053     0.030
textures_1_2_03                   512x512   1   44     35.37    0.034    0.057     0.031
textures_1_2_04                   512x512   1   50     49.48    0.033    0.058     0.029
textures_1_2_05                   512x512   1   38     38.60    0.034    0.058     0.030
textures_1_2_06                   512x512   1   47     37.53    0.034    0.058     0.029
textures_1_2_07                   512x512   1   46     40.87    0.034    0.059     0.031
textures_1_2_08                   512x512   1   45     34.44    0.034    0.058     0.030
textures_1_2_09                   512x512   1   44     32.16    0.034    0.056     0.029
textures_1_2_10                   512x512   1   48     44.57    0.034    0.058     0.029
textures_1_2_11                   512x512   1   42     41.06    0.034    0.056     0.029
textures_1_2_12                   512x512   1   50     16.28    0.034    0.058     0.031
textures_1_2_13                   512x512   1   40     33.61    0.034    0.058     0.030
textures_1_3_01                   1024x1024 1   26     38.12    0.100    0.140     0.092
textures_1_3_02                   1024x1024 1   21     27.89    0.098    0.087     0.092
textures_1_3_03                   1024x1024 1   21     34.01    0.102    0.106     0.095
textures_1_3_04                   1024x1024 1   20     31.73    0.101    0.081     0.091
textures_1_3_05                   1024x1024 1   30     35.24    0.101    0.087     0.092
textures_1_3_06                   1024x1024 1   21     37.24    0.099    0.094     0.091
textures_1_3_07                   1024x1024 1   16     25.78    0.100    0.082     0.093
textures_1_3_08                   1024x1024 1   6      26.98    0.099    0.090     0.093
textures_1_3_09                   1024x1024 1   16     18.68    0.099    0.090     0.089
textures_1_3_10                   1024x1024 1   11     30.53    0.100    0.090     0.094
textures_1_3_11                   1024x1024 1   12     31.89    0.100    0.082     0.089
textures_1_3_12                   1024x1024 1   16     15.87    0.099    0.092     0.092
textures_1_3_13                   1024x1024 1   16     25.76    0.098    0.087     0.093
textures_1_4_01                   1024x1024 1   14     28.83    0.099    0.085     0.091
textures_1_4_02                   1024x1024 1   22     27.87    0.099    0.094     0.093
textures_1_4_03                   1024x1024 1   20     12.87    0.099    0.090     0.091
textures_1_4_04                   1024x1024 1   6      26.77    0.098    0.094     0.092
textures_1_4_05                   1024x1024 1   17     15.59    0.099    0.088     0.093
textures_1_4_06                   1024x1024 1   10     25.44    0.100    0.090     0.093
textures_1_4_07                   1024x1024 1   10     22.62    0.099    0.091     0.092
textures_1_4_08                   1024x1024 1   9      40.00    0.099    0.086     0.093
textures_1_4_09                   1024x1024 1   23     21.88    0.099    0.090     0.092
textures_1_4_10                   1024x1024 1   16     32.26    0.099    0.088     0.091
textures_1_4_11                   1024x1024 1   20     28.77    0.099    0.083     0.093
textures_1_4_12                   1024x1024 1   17     35.56    0.100    0.091     0.088
textures_1_5_01                   512x512   1   11     22.17    0.097    0.066     0.107
textures_1_5_02                   512x512   1   67     54.47    0.035    0.060     0.029
textures_1_5_03                   512x512   1   20     22.98    0.034    0.063     0.029
textures_1_5_04                   512x512   1   17     28.38    0.034    0.060     0.031
textures_1_5_05                   512x512   1   20     19.24    0.035    0.056     0.031
textures_1_5_06                   512x512   1   5      22.14    0.036    0.060     0.030
textures_1_5_07                   512x512   1   16     32.41    0.034    0.057     0.029
textures_texmos1_p512             512x512   1   45     39.31    0.034    0.058     0.028
textures_texmos2_p512             512x512   1   45     38.95    0.033    0.064     0.030
textures_texmos2_s512             512x512   1   29      7.26    0.037    0.061     0.026
textures_texmos3_p512             512x512   1   45     38.02    0.035    0.054     0.030
textures_texmos3_s512             512x512   1   26      3.41    0.034    0.061     0.029
textures_texmos3b_p512            512x512   1   45     37.80    0.034    0.057     0.030

=== summary ===
images processed : 103 of 103 (0 failed)
pixels processed : 46.27 megapixels
wall clock       : 0.628 s using 4 stream(s)
throughput       : 163.97 images/s, 73.66 megapixels/s
gpu time (sum)   : upload 5.8 ms, compute 129.4 ms, download 4.7 ms
gpu time (mean)  : 1.256 ms of kernel time per image
outputs written to data/output
finished 2026-07-24 21:31:56
--- streams=8
=== CUDA NPP batch edge detection ===
started 2026-07-24 21:31:57
device 0: NVIDIA A100-SXM4-40GB (sm_80, 108 SMs, 40441 MiB global memory)
CUDA runtime 12.8, driver 13.0, NPP 12.3.3
input=data/input output=data/output engine=gpu streams=8 gauss=5x5 sobel_scale=0.25 threshold=auto(otsu) dilate=off save_stages=off device=0
found 103 image(s) in data/input

image                              size      ch  thr  edge%   up(ms)  gpu(ms)  down(ms)
--------------------------------------------------------------------------------------
misc_4_1_01                       256x256   3   18     10.06    0.039   37.874     0.214
misc_4_1_02                       256x256   3   15     13.85    0.103   37.945     0.023
misc_4_1_03                       256x256   3   18      8.54    1.073   39.513     0.053
misc_4_1_04                       256x256   3   22     13.99    0.028   36.951     0.011
misc_4_1_05                       256x256   3   21     14.24    0.050   40.660     0.077
misc_4_1_06                       256x256   3   26     24.11    0.042   36.597     0.057
misc_4_1_07                       256x256   3   17     11.68    0.052   39.796     0.015
misc_4_1_08                       256x256   3   20     16.11    0.195   40.521     0.194
misc_4_2_01                       512x512   3   23      5.58    0.102    0.338     0.190
misc_4_2_03                       512x512   3   17     25.25    0.079    1.651     0.048
misc_4_2_05                       512x512   3   22     13.77    0.111    1.895     0.069
misc_4_2_06                       512x512   3   23     17.34    0.113    1.729     0.063
misc_4_2_07                       512x512   3   22     10.53    0.096    3.445     0.104
misc_5_1_09                       256x256   1   13     10.65    0.020    0.072     0.013
misc_5_1_10                       256x256   1   26     30.53    0.021    0.072     0.012
misc_5_1_11                       256x256   1   21      7.19    0.018    0.069     0.011
misc_5_1_12                       256x256   1   24     12.44    0.020    0.083     0.011
misc_5_1_13                       256x256   1   51     18.71    0.019    0.065     0.011
misc_5_1_14                       256x256   1   20     23.67    0.041    1.712     0.058
misc_5_2_08                       512x512   1   22      9.78    0.075    2.623     0.028
misc_5_2_09                       512x512   1   24     19.97    0.251    0.650     0.029
misc_5_2_10                       512x512   1   22     16.81    0.056    0.250     0.030
misc_5_3_01                       1024x1024 1   20     11.24    0.169    0.176     0.104
misc_5_3_02                       1024x1024 1   19     14.80    0.101    0.090     0.093
misc_7_1_01                       512x512   1   10     24.13    0.034    0.056     0.031
misc_7_1_02                       512x512   1   20      3.37    0.035    0.064     0.030
misc_7_1_03                       512x512   1   11     11.70    0.331    1.008     0.108
misc_7_1_04                       512x512   1   11     15.77    0.182    1.026     1.457
misc_7_1_05                       512x512   1   14     21.61    0.141    3.439     0.034
misc_7_1_06                       512x512   1   13     25.04    0.040    1.927     0.051
misc_7_1_07                       512x512   1   11     24.83    0.105    1.589     0.033
misc_7_1_08                       512x512   1   10      8.90    0.060    1.829     0.030
misc_7_1_09                       512x512   1   11     21.77    0.038    0.065     0.027
misc_7_1_10                       512x512   1   9      26.46    0.035    0.064     0.030
misc_7_2_01                       1024x1024 1   7       8.15    0.101    0.094     0.092
misc_boat_512                     512x512   1   20     14.27    0.038    0.064     0.026
misc_gray21_512                   512x512   1   27      1.00    0.037    0.064     0.027
misc_house                        512x512   3   21     16.74    0.080    0.068     0.028
misc_ruler_512                    512x512   1   25     52.68    1.870    0.065     0.051
textures_1_1_01                   512x512   1   32     37.91    0.036    0.065     0.032
textures_1_1_02                   512x512   1   29     27.46    0.037    0.068     0.026
textures_1_1_03                   512x512   1   24     30.06    0.036    0.060     0.028
textures_1_1_04                   512x512   1   20     41.89    0.037    0.064     0.026
textures_1_1_05                   512x512   1   14     32.39    0.034    0.058     0.031
textures_1_1_06                   512x512   1   24     38.25    0.035    0.057     0.030
textures_1_1_07                   512x512   1   19     26.68    0.036    0.063     0.026
textures_1_1_08                   512x512   1   42      0.60    0.036    0.058     0.031
textures_1_1_09                   512x512   1   17     26.64    0.034    0.054     0.030
textures_1_1_10                   512x512   1   20     37.37    0.035    0.081     0.031
textures_1_1_11                   512x512   1   15     26.61    0.037    0.070     0.027
textures_1_1_12                   512x512   1   24     15.98    0.039    0.089     0.027
textures_1_1_13                   512x512   1   22     30.48    0.037    0.064     0.026
textures_1_2_01                   512x512   1   44     40.10    0.035    0.063     0.032
textures_1_2_02                   512x512   1   43     34.39    0.035    0.056     0.031
textures_1_2_03                   512x512   1   44     35.37    0.035    0.061     0.030
textures_1_2_04                   512x512   1   50     49.48    0.037    0.064     0.026
textures_1_2_05                   512x512   1   38     38.60    0.034    0.060     0.029
textures_1_2_06                   512x512   1   47     37.53    0.036    0.064     0.026
textures_1_2_07                   512x512   1   46     40.87    0.037    0.072     0.027
textures_1_2_08                   512x512   1   45     34.44    0.036    0.064     0.029
textures_1_2_09                   512x512   1   44     32.16    0.034    0.068     0.028
textures_1_2_10                   512x512   1   48     44.57    0.036    0.064     0.026
textures_1_2_11                   512x512   1   42     41.06    0.035    0.062     0.029
textures_1_2_12                   512x512   1   50     16.28    0.034    0.062     0.029
textures_1_2_13                   512x512   1   40     33.61    0.034    0.060     0.029
textures_1_3_01                   1024x1024 1   26     38.12    0.171    0.809     0.109
textures_1_3_02                   1024x1024 1   21     27.89    0.139    2.087     4.146
textures_1_3_03                   1024x1024 1   21     34.01    0.180    6.513     0.285
textures_1_3_04                   1024x1024 1   20     31.73    0.246    4.995     0.240
textures_1_3_05                   1024x1024 1   30     35.24    2.684    1.180     0.142
textures_1_3_06                   1024x1024 1   21     37.24    0.149    6.536     0.093
textures_1_3_07                   1024x1024 1   16     25.78    0.265    0.304     0.117
textures_1_3_08                   1024x1024 1   6      26.98    0.096    0.109     0.086
textures_1_3_09                   1024x1024 1   16     18.68    0.101    0.087     0.087
textures_1_3_10                   1024x1024 1   11     30.53    0.101    0.086     0.093
textures_1_3_11                   1024x1024 1   12     31.89    0.101    0.088     0.092
textures_1_3_12                   1024x1024 1   16     15.87    0.100    0.089     0.091
textures_1_3_13                   1024x1024 1   16     25.76    0.103    0.089     0.090
textures_1_4_01                   1024x1024 1   14     28.83    0.107    0.095     0.089
textures_1_4_02                   1024x1024 1   22     27.87    0.100    0.088     0.093
textures_1_4_03                   1024x1024 1   20     12.87    0.102    0.093     0.090
textures_1_4_04                   1024x1024 1   6      26.77    0.103    0.085     0.088
textures_1_4_05                   1024x1024 1   17     15.59    0.100    0.094     0.093
textures_1_4_06                   1024x1024 1   10     25.44    0.101    0.092     0.093
textures_1_4_07                   1024x1024 1   10     22.62    0.101    0.091     0.092
textures_1_4_08                   1024x1024 1   9      40.00    0.101    0.088     0.087
textures_1_4_09                   1024x1024 1   23     21.88    0.103    0.092     0.091
textures_1_4_10                   1024x1024 1   16     32.26    0.099    0.088     0.091
textures_1_4_11                   1024x1024 1   20     28.77    0.101    0.092     0.085
textures_1_4_12                   1024x1024 1   17     35.56    0.101    0.096     0.086
textures_1_5_01                   512x512   1   11     22.17    0.040    0.084     0.027
textures_1_5_02                   512x512   1   67     54.47    0.037    0.070     0.102
textures_1_5_03                   512x512   1   20     22.98    0.036    0.059     0.031
textures_1_5_04                   512x512   1   17     28.38    0.036    0.056     0.032
textures_1_5_05                   512x512   1   20     19.24    0.037    0.065     0.026
textures_1_5_06                   512x512   1   5      22.14    0.034    0.061     0.032
textures_1_5_07                   512x512   1   16     32.41    0.037    0.066     0.026
textures_texmos1_p512             512x512   1   45     39.31    0.035    0.062     0.030
textures_texmos2_p512             512x512   1   45     38.95    0.036    0.057     0.030
textures_texmos2_s512             512x512   1   29      7.26    0.037    0.057     0.026
textures_texmos3_p512             512x512   1   45     38.02    0.036    0.069     0.027
textures_texmos3_s512             512x512   1   26      3.41    0.035    0.077     0.031
textures_texmos3b_p512            512x512   1   45     37.80    0.034    0.057     0.030

=== summary ===
images processed : 103 of 103 (0 failed)
pixels processed : 46.27 megapixels
wall clock       : 0.433 s using 8 stream(s)
throughput       : 237.75 images/s, 106.80 megapixels/s
gpu time (sum)   : upload 13.1 ms, compute 362.8 ms, download 11.5 ms
gpu time (mean)  : 3.522 ms of kernel time per image
outputs written to data/output
finished 2026-07-24 21:31:57
