--- missing --input
error: --input is required

GPU batch edge detection with CUDA NPP.

Usage: bin/edge_pipeline --input <dir> [options]

Required:
  --input <dir>          Directory of input images (png, jpg, bmp, tga).

Options:
  --output <dir>         Output directory (default: data/output).
  --engine <name>        gpu (NPP and custom kernels), cpu (host
                         reference), or both to run each image
                         through the two and report the speedup and
                         pixel agreement (default: gpu).
  --streams <n>          Concurrent CUDA streams and worker threads,
                         1-32 (default: 4).
  --gauss-size <3|5>     Gaussian smoothing mask size (default: 5).
  --sobel-scale <f>      Scale applied to gradient magnitude before
                         clamping to 8-bit (default: 0.25).
  --threshold <v|auto>   Binarization threshold 0-255, or 'auto' for
                         per-image Otsu (default: auto).
  --dilate               Thicken edges with a 3x3 dilation.
  --save-stages          Also write gray, blurred, and gradient images.
  --limit <n>            Process at most n images (default: all).
  --device <n>           CUDA device index (default: 0).
  --log <file>           Append the run log to this file as well as
                         stdout.
  --verbose              Print one line per image.
  --help                 Show this message and exit.
exit=2
--- bad stream count
error: --streams expects an integer in [1, 32], got '0'

GPU batch edge detection with CUDA NPP.

Usage: bin/edge_pipeline --input <dir> [options]

Required:
  --input <dir>          Directory of input images (png, jpg, bmp, tga).

Options:
  --output <dir>         Output directory (default: data/output).
  --engine <name>        gpu (NPP and custom kernels), cpu (host
                         reference), or both to run each image
                         through the two and report the speedup and
                         pixel agreement (default: gpu).
  --streams <n>          Concurrent CUDA streams and worker threads,
                         1-32 (default: 4).
  --gauss-size <3|5>     Gaussian smoothing mask size (default: 5).
  --sobel-scale <f>      Scale applied to gradient magnitude before
                         clamping to 8-bit (default: 0.25).
  --threshold <v|auto>   Binarization threshold 0-255, or 'auto' for
                         per-image Otsu (default: auto).
  --dilate               Thicken edges with a 3x3 dilation.
  --save-stages          Also write gray, blurred, and gradient images.
  --limit <n>            Process at most n images (default: all).
  --device <n>           CUDA device index (default: 0).
  --log <file>           Append the run log to this file as well as
                         stdout.
  --verbose              Print one line per image.
  --help                 Show this message and exit.
exit=2
--- nonexistent input directory
=== CUDA NPP batch edge detection ===
started 2026-07-24 21:31:57
device 0: NVIDIA A100-SXM4-40GB (sm_80, 108 SMs, 40441 MiB global memory)
CUDA runtime 12.8, driver 13.0, NPP 12.3.3
input=no/such/dir output=data/output engine=gpu streams=4 gauss=5x5 sobel_scale=0.25 threshold=auto(otsu) dilate=off save_stages=off device=0
error: cannot open directory no/such/dir: No such file or directory
exit=1
